/CaveBot-ros/install/cave_depth/lib/python3.12/site-packages/cave_depth/__init__.py
/CaveBot-ros/install/cave_depth/lib/python3.12/site-packages/cave_depth/hitnet_depth_node.py
/CaveBot-ros/install/cave_depth/lib/python3.12/site-packages/hitnet/__init__.py
/CaveBot-ros/install/cave_depth/lib/python3.12/site-packages/hitnet/hitnet.py
/CaveBot-ros/install/cave_depth/lib/python3.12/site-packages/cave_depth/__pycache__/__init__.cpython-312.pyc
/CaveBot-ros/install/cave_depth/lib/python3.12/site-packages/cave_depth/__pycache__/hitnet_depth_node.cpython-312.pyc
/CaveBot-ros/install/cave_depth/lib/python3.12/site-packages/hitnet/__pycache__/__init__.cpython-312.pyc
/CaveBot-ros/install/cave_depth/lib/python3.12/site-packages/hitnet/__pycache__/hitnet.cpython-312.pyc
/CaveBot-ros/install/cave_depth/share/ament_index/resource_index/packages/cave_depth
/CaveBot-ros/install/cave_depth/share/cave_depth/package.xml
/CaveBot-ros/install/cave_depth/share/cave_depth/launch/depth.launch.py
/CaveBot-ros/install/cave_depth/share/cave_depth/launch/dualcam.launch.py
/CaveBot-ros/install/cave_depth/share/cave_depth/models/eth3d.pb
/CaveBot-ros/install/cave_depth/share/cave_depth/models/middlebury_d400.pb
/CaveBot-ros/install/cave_depth/share/cave_depth/models/flyingthings_finalpass_xl.pb
/CaveBot-ros/install/cave_depth/share/cave_depth/models/eth3d/saved_model_256x256/model_float16_quant.tflite
/CaveBot-ros/install/cave_depth/share/cave_depth/models/eth3d/saved_model_256x256/model_float32.tflite
/CaveBot-ros/install/cave_depth/share/cave_depth/models/eth3d/saved_model_256x256/model_float32.onnx
/CaveBot-ros/install/cave_depth/share/cave_depth/models/eth3d/saved_model_256x256/model_weight_quant.tflite
/CaveBot-ros/install/cave_depth/share/cave_depth/models/eth3d/saved_model_256x256/model_float32_opt.onnx
/CaveBot-ros/install/cave_depth/share/cave_depth/models/eth3d/saved_model_256x256/saved_model.pb
/CaveBot-ros/install/cave_depth/share/cave_depth/models/eth3d/saved_model_120x160/model_float32_opt.onnx
/CaveBot-ros/install/cave_depth/share/cave_depth/models/eth3d/saved_model_120x160/model_float32.tflite
/CaveBot-ros/install/cave_depth/share/cave_depth/models/eth3d/saved_model_120x160/saved_model.pb
/CaveBot-ros/install/cave_depth/share/cave_depth/models/eth3d/saved_model_120x160/model_weight_quant.tflite
/CaveBot-ros/install/cave_depth/share/cave_depth/models/eth3d/saved_model_120x160/model_float16_quant.tflite
/CaveBot-ros/install/cave_depth/share/cave_depth/models/eth3d/saved_model_120x160/model_float32.onnx
/CaveBot-ros/install/cave_depth/share/cave_depth/models/eth3d/saved_model_240x320/model_float32.tflite
/CaveBot-ros/install/cave_depth/share/cave_depth/models/eth3d/saved_model_240x320/model_float32.onnx
/CaveBot-ros/install/cave_depth/share/cave_depth/models/eth3d/saved_model_240x320/model_weight_quant.tflite
/CaveBot-ros/install/cave_depth/share/cave_depth/models/eth3d/saved_model_240x320/saved_model.pb
/CaveBot-ros/install/cave_depth/share/cave_depth/models/eth3d/saved_model_240x320/model_float32_opt.onnx
/CaveBot-ros/install/cave_depth/share/cave_depth/models/eth3d/saved_model_240x320/model_float16_quant.tflite
/CaveBot-ros/install/cave_depth/share/cave_depth/models/eth3d/saved_model/saved_model.pb
/CaveBot-ros/install/cave_depth/share/cave_depth/models/eth3d/saved_model_720x1280/model_float16_quant.tflite
/CaveBot-ros/install/cave_depth/share/cave_depth/models/eth3d/saved_model_720x1280/saved_model.pb
/CaveBot-ros/install/cave_depth/share/cave_depth/models/eth3d/saved_model_720x1280/model_float32.onnx
/CaveBot-ros/install/cave_depth/share/cave_depth/models/eth3d/saved_model_720x1280/model_weight_quant.tflite
/CaveBot-ros/install/cave_depth/share/cave_depth/models/eth3d/saved_model_720x1280/model_float32.tflite
/CaveBot-ros/install/cave_depth/share/cave_depth/models/eth3d/saved_model_720x1280/model_float32_opt.onnx
/CaveBot-ros/install/cave_depth/share/cave_depth/models/eth3d/saved_model_480x640/model_float32.onnx
/CaveBot-ros/install/cave_depth/share/cave_depth/models/eth3d/saved_model_480x640/saved_model.pb
/CaveBot-ros/install/cave_depth/share/cave_depth/models/eth3d/saved_model_480x640/model_float16_quant.tflite
/CaveBot-ros/install/cave_depth/share/cave_depth/models/eth3d/saved_model_480x640/model_float32_opt.onnx
/CaveBot-ros/install/cave_depth/share/cave_depth/models/eth3d/saved_model_480x640/model_weight_quant.tflite
/CaveBot-ros/install/cave_depth/share/cave_depth/models/eth3d/saved_model_480x640/model_float32.tflite
/CaveBot-ros/install/cave_depth/share/cave_depth/models/middlebury_d400/saved_model_480x640/model_float32.tflite
/CaveBot-ros/install/cave_depth/share/cave_depth/models/middlebury_d400/saved_model_480x640/model_float32.onnx
/CaveBot-ros/install/cave_depth/share/cave_depth/models/middlebury_d400/saved_model_480x640/saved_model.pb
/CaveBot-ros/install/cave_depth/share/cave_depth/models/middlebury_d400/saved_model_480x640/model_weight_quant.tflite
/CaveBot-ros/install/cave_depth/share/cave_depth/models/middlebury_d400/saved_model_480x640/model_float16_quant.tflite
/CaveBot-ros/install/cave_depth/share/cave_depth/models/middlebury_d400/saved_model_480x640/model_float32_opt.onnx
/CaveBot-ros/install/cave_depth/share/cave_depth/models/middlebury_d400/saved_model_120x160/model_float32.onnx
/CaveBot-ros/install/cave_depth/share/cave_depth/models/middlebury_d400/saved_model_120x160/model_float16_quant.tflite
/CaveBot-ros/install/cave_depth/share/cave_depth/models/middlebury_d400/saved_model_120x160/model_weight_quant.tflite
/CaveBot-ros/install/cave_depth/share/cave_depth/models/middlebury_d400/saved_model_120x160/model_float32.tflite
/CaveBot-ros/install/cave_depth/share/cave_depth/models/middlebury_d400/saved_model_120x160/model_float32_opt.onnx
/CaveBot-ros/install/cave_depth/share/cave_depth/models/middlebury_d400/saved_model_120x160/saved_model.pb
/CaveBot-ros/install/cave_depth/share/cave_depth/models/middlebury_d400/saved_model_720x1280/model_float32.tflite
/CaveBot-ros/install/cave_depth/share/cave_depth/models/middlebury_d400/saved_model_720x1280/model_weight_quant.tflite
/CaveBot-ros/install/cave_depth/share/cave_depth/models/middlebury_d400/saved_model_720x1280/model_float32_opt.onnx
/CaveBot-ros/install/cave_depth/share/cave_depth/models/middlebury_d400/saved_model_720x1280/model_float16_quant.tflite
/CaveBot-ros/install/cave_depth/share/cave_depth/models/middlebury_d400/saved_model_720x1280/saved_model.pb
/CaveBot-ros/install/cave_depth/share/cave_depth/models/middlebury_d400/saved_model_720x1280/model_float32.onnx
/CaveBot-ros/install/cave_depth/share/cave_depth/models/middlebury_d400/saved_model_240x320/model_weight_quant.tflite
/CaveBot-ros/install/cave_depth/share/cave_depth/models/middlebury_d400/saved_model_240x320/model_float32.onnx
/CaveBot-ros/install/cave_depth/share/cave_depth/models/middlebury_d400/saved_model_240x320/model_float32_opt.onnx
/CaveBot-ros/install/cave_depth/share/cave_depth/models/middlebury_d400/saved_model_240x320/model_float16_quant.tflite
/CaveBot-ros/install/cave_depth/share/cave_depth/models/middlebury_d400/saved_model_240x320/model_float32.tflite
/CaveBot-ros/install/cave_depth/share/cave_depth/models/middlebury_d400/saved_model_240x320/saved_model.pb
/CaveBot-ros/install/cave_depth/share/cave_depth/models/middlebury_d400/saved_model_256x256/saved_model.pb
/CaveBot-ros/install/cave_depth/share/cave_depth/models/middlebury_d400/saved_model_256x256/model_float32_opt.onnx
/CaveBot-ros/install/cave_depth/share/cave_depth/models/middlebury_d400/saved_model_256x256/model_weight_quant.tflite
/CaveBot-ros/install/cave_depth/share/cave_depth/models/middlebury_d400/saved_model_256x256/model_float32.onnx
/CaveBot-ros/install/cave_depth/share/cave_depth/models/middlebury_d400/saved_model_256x256/model_float32.tflite
/CaveBot-ros/install/cave_depth/share/cave_depth/models/middlebury_d400/saved_model_256x256/model_float16_quant.tflite
/CaveBot-ros/install/cave_depth/share/cave_depth/models/middlebury_d400/saved_model/saved_model.pb
/CaveBot-ros/install/cave_depth/share/cave_depth/models/flyingthings_finalpass_xl/saved_model_120x160/model_float16_quant.tflite
/CaveBot-ros/install/cave_depth/share/cave_depth/models/flyingthings_finalpass_xl/saved_model_120x160/model_float32_opt.onnx
/CaveBot-ros/install/cave_depth/share/cave_depth/models/flyingthings_finalpass_xl/saved_model_120x160/model_weight_quant.tflite
/CaveBot-ros/install/cave_depth/share/cave_depth/models/flyingthings_finalpass_xl/saved_model_120x160/model_float32.tflite
/CaveBot-ros/install/cave_depth/share/cave_depth/models/flyingthings_finalpass_xl/saved_model_120x160/model_float32.onnx
/CaveBot-ros/install/cave_depth/share/cave_depth/models/flyingthings_finalpass_xl/saved_model_120x160/saved_model.pb
/CaveBot-ros/install/cave_depth/share/cave_depth/models/flyingthings_finalpass_xl/saved_model_720x1280/model_float32.tflite
/CaveBot-ros/install/cave_depth/share/cave_depth/models/flyingthings_finalpass_xl/saved_model_720x1280/model_float16_quant.tflite
/CaveBot-ros/install/cave_depth/share/cave_depth/models/flyingthings_finalpass_xl/saved_model_720x1280/model_weight_quant.tflite
/CaveBot-ros/install/cave_depth/share/cave_depth/models/flyingthings_finalpass_xl/saved_model_720x1280/model_float32.onnx
/CaveBot-ros/install/cave_depth/share/cave_depth/models/flyingthings_finalpass_xl/saved_model_720x1280/saved_model.pb
/CaveBot-ros/install/cave_depth/share/cave_depth/models/flyingthings_finalpass_xl/saved_model_720x1280/model_float32_opt.onnx
/CaveBot-ros/install/cave_depth/share/cave_depth/models/flyingthings_finalpass_xl/saved_model/saved_model.pb
/CaveBot-ros/install/cave_depth/share/cave_depth/models/flyingthings_finalpass_xl/saved_model_240x320/model_float32_opt.onnx
/CaveBot-ros/install/cave_depth/share/cave_depth/models/flyingthings_finalpass_xl/saved_model_240x320/model_float16_quant.tflite
/CaveBot-ros/install/cave_depth/share/cave_depth/models/flyingthings_finalpass_xl/saved_model_240x320/saved_model.pb
/CaveBot-ros/install/cave_depth/share/cave_depth/models/flyingthings_finalpass_xl/saved_model_240x320/model_float32.tflite
/CaveBot-ros/install/cave_depth/share/cave_depth/models/flyingthings_finalpass_xl/saved_model_240x320/model_weight_quant.tflite
/CaveBot-ros/install/cave_depth/share/cave_depth/models/flyingthings_finalpass_xl/saved_model_240x320/model_float32.onnx
/CaveBot-ros/install/cave_depth/share/cave_depth/models/flyingthings_finalpass_xl/saved_model_480x640/saved_model.pb
/CaveBot-ros/install/cave_depth/share/cave_depth/models/flyingthings_finalpass_xl/saved_model_480x640/model_float32.tflite
/CaveBot-ros/install/cave_depth/share/cave_depth/models/flyingthings_finalpass_xl/saved_model_480x640/model_float32.onnx
/CaveBot-ros/install/cave_depth/share/cave_depth/models/flyingthings_finalpass_xl/saved_model_480x640/model_float32_opt.onnx
/CaveBot-ros/install/cave_depth/share/cave_depth/models/flyingthings_finalpass_xl/saved_model_480x640/model_weight_quant.tflite
/CaveBot-ros/install/cave_depth/share/cave_depth/models/flyingthings_finalpass_xl/saved_model_480x640/model_float16_quant.tflite
/CaveBot-ros/install/cave_depth/share/cave_depth/models/flyingthings_finalpass_xl/saved_model_256x256/model_float32.onnx
/CaveBot-ros/install/cave_depth/share/cave_depth/models/flyingthings_finalpass_xl/saved_model_256x256/model_float32_opt.onnx.zip
/CaveBot-ros/install/cave_depth/share/cave_depth/models/flyingthings_finalpass_xl/saved_model_256x256/model_weight_quant.tflite
/CaveBot-ros/install/cave_depth/share/cave_depth/models/flyingthings_finalpass_xl/saved_model_256x256/saved_model.pb
/CaveBot-ros/install/cave_depth/share/cave_depth/models/flyingthings_finalpass_xl/saved_model_256x256/model_float16_quant.tflite
/CaveBot-ros/install/cave_depth/share/cave_depth/models/flyingthings_finalpass_xl/saved_model_256x256/model_float32.tflite
/CaveBot-ros/install/cave_depth/share/cave_depth/models/flyingthings_finalpass_xl/saved_model_256x256/model_float32_opt.onnx
/CaveBot-ros/install/cave_depth/lib/python3.12/site-packages/cave_depth-0.0.1-py3.12.egg-info/PKG-INFO
/CaveBot-ros/install/cave_depth/lib/python3.12/site-packages/cave_depth-0.0.1-py3.12.egg-info/zip-safe
/CaveBot-ros/install/cave_depth/lib/python3.12/site-packages/cave_depth-0.0.1-py3.12.egg-info/dependency_links.txt
/CaveBot-ros/install/cave_depth/lib/python3.12/site-packages/cave_depth-0.0.1-py3.12.egg-info/entry_points.txt
/CaveBot-ros/install/cave_depth/lib/python3.12/site-packages/cave_depth-0.0.1-py3.12.egg-info/requires.txt
/CaveBot-ros/install/cave_depth/lib/python3.12/site-packages/cave_depth-0.0.1-py3.12.egg-info/top_level.txt
/CaveBot-ros/install/cave_depth/lib/python3.12/site-packages/cave_depth-0.0.1-py3.12.egg-info/SOURCES.txt
/CaveBot-ros/install/cave_depth/lib/cave_depth/hitnet_depth_node
