[0.723s] Invoking command in '/CaveBot-ros/src/cave_depth': PYTHONPATH=/CaveBot-ros/build/cave_depth/prefix_override:/usr/lib/python3/dist-packages/colcon_core/task/python/colcon_distutils_commands:/CaveBot-ros/install/cave_depth/lib/python3.12/site-packages:${PYTHONPATH} /usr/bin/python3 -W ignore:setup.py install is deprecated -W ignore:easy_install command is deprecated setup.py egg_info --egg-base ../../build/cave_depth build --build-base /CaveBot-ros/build/cave_depth/build install --record /CaveBot-ros/build/cave_depth/install.log --single-version-externally-managed install_data
[0.932s] running egg_info
[0.944s] writing ../../build/cave_depth/cave_depth.egg-info/PKG-INFO
[0.944s] writing dependency_links to ../../build/cave_depth/cave_depth.egg-info/dependency_links.txt
[0.944s] writing entry points to ../../build/cave_depth/cave_depth.egg-info/entry_points.txt
[0.945s] writing requirements to ../../build/cave_depth/cave_depth.egg-info/requires.txt
[0.945s] writing top-level names to ../../build/cave_depth/cave_depth.egg-info/top_level.txt
[0.968s] reading manifest file '../../build/cave_depth/cave_depth.egg-info/SOURCES.txt'
[0.969s] writing manifest file '../../build/cave_depth/cave_depth.egg-info/SOURCES.txt'
[0.969s] running build
[0.969s] running build_py
[0.970s] copying cave_depth/hitnet_depth_node.py -> /CaveBot-ros/build/cave_depth/build/lib/cave_depth
[0.970s] running install
[0.974s] running install_lib
[0.987s] copying /CaveBot-ros/build/cave_depth/build/lib/cave_depth/hitnet_depth_node.py -> /CaveBot-ros/install/cave_depth/lib/python3.12/site-packages/cave_depth
[0.988s] byte-compiling /CaveBot-ros/install/cave_depth/lib/python3.12/site-packages/cave_depth/hitnet_depth_node.py to hitnet_depth_node.cpython-312.pyc
[0.988s] running install_data
[0.989s] creating /CaveBot-ros/install/cave_depth/share/cave_depth/models
[0.989s] running install_egg_info
[1.002s] removing '/CaveBot-ros/install/cave_depth/lib/python3.12/site-packages/cave_depth-0.0.1-py3.12.egg-info' (and everything under it)
[1.002s] Copying ../../build/cave_depth/cave_depth.egg-info to /CaveBot-ros/install/cave_depth/lib/python3.12/site-packages/cave_depth-0.0.1-py3.12.egg-info
[1.003s] running install_scripts
[1.099s] Installing hitnet_depth_node script to /CaveBot-ros/install/cave_depth/lib/cave_depth
[1.100s] writing list of installed files to '/CaveBot-ros/build/cave_depth/install.log'
[1.132s] Invoked command in '/CaveBot-ros/src/cave_depth' returned '0': PYTHONPATH=/CaveBot-ros/build/cave_depth/prefix_override:/usr/lib/python3/dist-packages/colcon_core/task/python/colcon_distutils_commands:/CaveBot-ros/install/cave_depth/lib/python3.12/site-packages:${PYTHONPATH} /usr/bin/python3 -W ignore:setup.py install is deprecated -W ignore:easy_install command is deprecated setup.py egg_info --egg-base ../../build/cave_depth build --build-base /CaveBot-ros/build/cave_depth/build install --record /CaveBot-ros/build/cave_depth/install.log --single-version-externally-managed install_data
