running egg_info
writing ../../build/cave_depth/cave_depth.egg-info/PKG-INFO
writing dependency_links to ../../build/cave_depth/cave_depth.egg-info/dependency_links.txt
writing entry points to ../../build/cave_depth/cave_depth.egg-info/entry_points.txt
writing requirements to ../../build/cave_depth/cave_depth.egg-info/requires.txt
writing top-level names to ../../build/cave_depth/cave_depth.egg-info/top_level.txt
reading manifest file '../../build/cave_depth/cave_depth.egg-info/SOURCES.txt'
writing manifest file '../../build/cave_depth/cave_depth.egg-info/SOURCES.txt'
running build
running build_py
running install
running install_lib
running install_data
copying models/eth3d.pb -> /CaveBot-ros/install/cave_depth/share/cave_depth/models
copying models/middlebury_d400.pb -> /CaveBot-ros/install/cave_depth/share/cave_depth/models
copying models/flyingthings_finalpass_xl.pb -> /CaveBot-ros/install/cave_depth/share/cave_depth/models
creating /CaveBot-ros/install/cave_depth/share/cave_depth/models/eth3d
creating /CaveBot-ros/install/cave_depth/share/cave_depth/models/eth3d/saved_model_256x256
copying models/eth3d/saved_model_256x256/model_float16_quant.tflite -> /CaveBot-ros/install/cave_depth/share/cave_depth/models/eth3d/saved_model_256x256
copying models/eth3d/saved_model_256x256/model_float32.tflite -> /CaveBot-ros/install/cave_depth/share/cave_depth/models/eth3d/saved_model_256x256
copying models/eth3d/saved_model_256x256/model_float32.onnx -> /CaveBot-ros/install/cave_depth/share/cave_depth/models/eth3d/saved_model_256x256
copying models/eth3d/saved_model_256x256/model_weight_quant.tflite -> /CaveBot-ros/install/cave_depth/share/cave_depth/models/eth3d/saved_model_256x256
copying models/eth3d/saved_model_256x256/model_float32_opt.onnx -> /CaveBot-ros/install/cave_depth/share/cave_depth/models/eth3d/saved_model_256x256
copying models/eth3d/saved_model_256x256/saved_model.pb -> /CaveBot-ros/install/cave_depth/share/cave_depth/models/eth3d/saved_model_256x256
creating /CaveBot-ros/install/cave_depth/share/cave_depth/models/eth3d/saved_model_120x160
copying models/eth3d/saved_model_120x160/model_float32_opt.onnx -> /CaveBot-ros/install/cave_depth/share/cave_depth/models/eth3d/saved_model_120x160
copying models/eth3d/saved_model_120x160/model_float32.tflite -> /CaveBot-ros/install/cave_depth/share/cave_depth/models/eth3d/saved_model_120x160
copying models/eth3d/saved_model_120x160/saved_model.pb -> /CaveBot-ros/install/cave_depth/share/cave_depth/models/eth3d/saved_model_120x160
copying models/eth3d/saved_model_120x160/model_weight_quant.tflite -> /CaveBot-ros/install/cave_depth/share/cave_depth/models/eth3d/saved_model_120x160
copying models/eth3d/saved_model_120x160/model_float16_quant.tflite -> /CaveBot-ros/install/cave_depth/share/cave_depth/models/eth3d/saved_model_120x160
copying models/eth3d/saved_model_120x160/model_float32.onnx -> /CaveBot-ros/install/cave_depth/share/cave_depth/models/eth3d/saved_model_120x160
creating /CaveBot-ros/install/cave_depth/share/cave_depth/models/eth3d/saved_model_240x320
copying models/eth3d/saved_model_240x320/model_float32.tflite -> /CaveBot-ros/install/cave_depth/share/cave_depth/models/eth3d/saved_model_240x320
copying models/eth3d/saved_model_240x320/model_float32.onnx -> /CaveBot-ros/install/cave_depth/share/cave_depth/models/eth3d/saved_model_240x320
copying models/eth3d/saved_model_240x320/model_weight_quant.tflite -> /CaveBot-ros/install/cave_depth/share/cave_depth/models/eth3d/saved_model_240x320
copying models/eth3d/saved_model_240x320/saved_model.pb -> /CaveBot-ros/install/cave_depth/share/cave_depth/models/eth3d/saved_model_240x320
copying models/eth3d/saved_model_240x320/model_float32_opt.onnx -> /CaveBot-ros/install/cave_depth/share/cave_depth/models/eth3d/saved_model_240x320
copying models/eth3d/saved_model_240x320/model_float16_quant.tflite -> /CaveBot-ros/install/cave_depth/share/cave_depth/models/eth3d/saved_model_240x320
creating /CaveBot-ros/install/cave_depth/share/cave_depth/models/eth3d/saved_model
copying models/eth3d/saved_model/saved_model.pb -> /CaveBot-ros/install/cave_depth/share/cave_depth/models/eth3d/saved_model
creating /CaveBot-ros/install/cave_depth/share/cave_depth/models/eth3d/saved_model_720x1280
copying models/eth3d/saved_model_720x1280/model_float16_quant.tflite -> /CaveBot-ros/install/cave_depth/share/cave_depth/models/eth3d/saved_model_720x1280
copying models/eth3d/saved_model_720x1280/saved_model.pb -> /CaveBot-ros/install/cave_depth/share/cave_depth/models/eth3d/saved_model_720x1280
copying models/eth3d/saved_model_720x1280/model_float32.onnx -> /CaveBot-ros/install/cave_depth/share/cave_depth/models/eth3d/saved_model_720x1280
copying models/eth3d/saved_model_720x1280/model_weight_quant.tflite -> /CaveBot-ros/install/cave_depth/share/cave_depth/models/eth3d/saved_model_720x1280
copying models/eth3d/saved_model_720x1280/model_float32.tflite -> /CaveBot-ros/install/cave_depth/share/cave_depth/models/eth3d/saved_model_720x1280
copying models/eth3d/saved_model_720x1280/model_float32_opt.onnx -> /CaveBot-ros/install/cave_depth/share/cave_depth/models/eth3d/saved_model_720x1280
creating /CaveBot-ros/install/cave_depth/share/cave_depth/models/eth3d/saved_model_480x640
copying models/eth3d/saved_model_480x640/model_float32.onnx -> /CaveBot-ros/install/cave_depth/share/cave_depth/models/eth3d/saved_model_480x640
copying models/eth3d/saved_model_480x640/saved_model.pb -> /CaveBot-ros/install/cave_depth/share/cave_depth/models/eth3d/saved_model_480x640
copying models/eth3d/saved_model_480x640/model_float16_quant.tflite -> /CaveBot-ros/install/cave_depth/share/cave_depth/models/eth3d/saved_model_480x640
copying models/eth3d/saved_model_480x640/model_float32_opt.onnx -> /CaveBot-ros/install/cave_depth/share/cave_depth/models/eth3d/saved_model_480x640
copying models/eth3d/saved_model_480x640/model_weight_quant.tflite -> /CaveBot-ros/install/cave_depth/share/cave_depth/models/eth3d/saved_model_480x640
copying models/eth3d/saved_model_480x640/model_float32.tflite -> /CaveBot-ros/install/cave_depth/share/cave_depth/models/eth3d/saved_model_480x640
creating /CaveBot-ros/install/cave_depth/share/cave_depth/models/middlebury_d400
creating /CaveBot-ros/install/cave_depth/share/cave_depth/models/middlebury_d400/saved_model_480x640
copying models/middlebury_d400/saved_model_480x640/model_float32.tflite -> /CaveBot-ros/install/cave_depth/share/cave_depth/models/middlebury_d400/saved_model_480x640
copying models/middlebury_d400/saved_model_480x640/model_float32.onnx -> /CaveBot-ros/install/cave_depth/share/cave_depth/models/middlebury_d400/saved_model_480x640
copying models/middlebury_d400/saved_model_480x640/saved_model.pb -> /CaveBot-ros/install/cave_depth/share/cave_depth/models/middlebury_d400/saved_model_480x640
copying models/middlebury_d400/saved_model_480x640/model_weight_quant.tflite -> /CaveBot-ros/install/cave_depth/share/cave_depth/models/middlebury_d400/saved_model_480x640
copying models/middlebury_d400/saved_model_480x640/model_float16_quant.tflite -> /CaveBot-ros/install/cave_depth/share/cave_depth/models/middlebury_d400/saved_model_480x640
copying models/middlebury_d400/saved_model_480x640/model_float32_opt.onnx -> /CaveBot-ros/install/cave_depth/share/cave_depth/models/middlebury_d400/saved_model_480x640
creating /CaveBot-ros/install/cave_depth/share/cave_depth/models/middlebury_d400/saved_model_120x160
copying models/middlebury_d400/saved_model_120x160/model_float32.onnx -> /CaveBot-ros/install/cave_depth/share/cave_depth/models/middlebury_d400/saved_model_120x160
copying models/middlebury_d400/saved_model_120x160/model_float16_quant.tflite -> /CaveBot-ros/install/cave_depth/share/cave_depth/models/middlebury_d400/saved_model_120x160
copying models/middlebury_d400/saved_model_120x160/model_weight_quant.tflite -> /CaveBot-ros/install/cave_depth/share/cave_depth/models/middlebury_d400/saved_model_120x160
copying models/middlebury_d400/saved_model_120x160/model_float32.tflite -> /CaveBot-ros/install/cave_depth/share/cave_depth/models/middlebury_d400/saved_model_120x160
copying models/middlebury_d400/saved_model_120x160/model_float32_opt.onnx -> /CaveBot-ros/install/cave_depth/share/cave_depth/models/middlebury_d400/saved_model_120x160
copying models/middlebury_d400/saved_model_120x160/saved_model.pb -> /CaveBot-ros/install/cave_depth/share/cave_depth/models/middlebury_d400/saved_model_120x160
creating /CaveBot-ros/install/cave_depth/share/cave_depth/models/middlebury_d400/saved_model_720x1280
copying models/middlebury_d400/saved_model_720x1280/model_float32.tflite -> /CaveBot-ros/install/cave_depth/share/cave_depth/models/middlebury_d400/saved_model_720x1280
copying models/middlebury_d400/saved_model_720x1280/model_weight_quant.tflite -> /CaveBot-ros/install/cave_depth/share/cave_depth/models/middlebury_d400/saved_model_720x1280
copying models/middlebury_d400/saved_model_720x1280/model_float32_opt.onnx -> /CaveBot-ros/install/cave_depth/share/cave_depth/models/middlebury_d400/saved_model_720x1280
copying models/middlebury_d400/saved_model_720x1280/model_float16_quant.tflite -> /CaveBot-ros/install/cave_depth/share/cave_depth/models/middlebury_d400/saved_model_720x1280
copying models/middlebury_d400/saved_model_720x1280/saved_model.pb -> /CaveBot-ros/install/cave_depth/share/cave_depth/models/middlebury_d400/saved_model_720x1280
copying models/middlebury_d400/saved_model_720x1280/model_float32.onnx -> /CaveBot-ros/install/cave_depth/share/cave_depth/models/middlebury_d400/saved_model_720x1280
creating /CaveBot-ros/install/cave_depth/share/cave_depth/models/middlebury_d400/saved_model_240x320
copying models/middlebury_d400/saved_model_240x320/model_weight_quant.tflite -> /CaveBot-ros/install/cave_depth/share/cave_depth/models/middlebury_d400/saved_model_240x320
copying models/middlebury_d400/saved_model_240x320/model_float32.onnx -> /CaveBot-ros/install/cave_depth/share/cave_depth/models/middlebury_d400/saved_model_240x320
copying models/middlebury_d400/saved_model_240x320/model_float32_opt.onnx -> /CaveBot-ros/install/cave_depth/share/cave_depth/models/middlebury_d400/saved_model_240x320
copying models/middlebury_d400/saved_model_240x320/model_float16_quant.tflite -> /CaveBot-ros/install/cave_depth/share/cave_depth/models/middlebury_d400/saved_model_240x320
copying models/middlebury_d400/saved_model_240x320/model_float32.tflite -> /CaveBot-ros/install/cave_depth/share/cave_depth/models/middlebury_d400/saved_model_240x320
copying models/middlebury_d400/saved_model_240x320/saved_model.pb -> /CaveBot-ros/install/cave_depth/share/cave_depth/models/middlebury_d400/saved_model_240x320
creating /CaveBot-ros/install/cave_depth/share/cave_depth/models/middlebury_d400/saved_model_256x256
copying models/middlebury_d400/saved_model_256x256/saved_model.pb -> /CaveBot-ros/install/cave_depth/share/cave_depth/models/middlebury_d400/saved_model_256x256
copying models/middlebury_d400/saved_model_256x256/model_float32_opt.onnx -> /CaveBot-ros/install/cave_depth/share/cave_depth/models/middlebury_d400/saved_model_256x256
copying models/middlebury_d400/saved_model_256x256/model_weight_quant.tflite -> /CaveBot-ros/install/cave_depth/share/cave_depth/models/middlebury_d400/saved_model_256x256
copying models/middlebury_d400/saved_model_256x256/model_float32.onnx -> /CaveBot-ros/install/cave_depth/share/cave_depth/models/middlebury_d400/saved_model_256x256
copying models/middlebury_d400/saved_model_256x256/model_float32.tflite -> /CaveBot-ros/install/cave_depth/share/cave_depth/models/middlebury_d400/saved_model_256x256
copying models/middlebury_d400/saved_model_256x256/model_float16_quant.tflite -> /CaveBot-ros/install/cave_depth/share/cave_depth/models/middlebury_d400/saved_model_256x256
creating /CaveBot-ros/install/cave_depth/share/cave_depth/models/middlebury_d400/saved_model
copying models/middlebury_d400/saved_model/saved_model.pb -> /CaveBot-ros/install/cave_depth/share/cave_depth/models/middlebury_d400/saved_model
creating /CaveBot-ros/install/cave_depth/share/cave_depth/models/flyingthings_finalpass_xl
creating /CaveBot-ros/install/cave_depth/share/cave_depth/models/flyingthings_finalpass_xl/saved_model_120x160
copying models/flyingthings_finalpass_xl/saved_model_120x160/model_float16_quant.tflite -> /CaveBot-ros/install/cave_depth/share/cave_depth/models/flyingthings_finalpass_xl/saved_model_120x160
copying models/flyingthings_finalpass_xl/saved_model_120x160/model_float32_opt.onnx -> /CaveBot-ros/install/cave_depth/share/cave_depth/models/flyingthings_finalpass_xl/saved_model_120x160
copying models/flyingthings_finalpass_xl/saved_model_120x160/model_weight_quant.tflite -> /CaveBot-ros/install/cave_depth/share/cave_depth/models/flyingthings_finalpass_xl/saved_model_120x160
copying models/flyingthings_finalpass_xl/saved_model_120x160/model_float32.tflite -> /CaveBot-ros/install/cave_depth/share/cave_depth/models/flyingthings_finalpass_xl/saved_model_120x160
copying models/flyingthings_finalpass_xl/saved_model_120x160/model_float32.onnx -> /CaveBot-ros/install/cave_depth/share/cave_depth/models/flyingthings_finalpass_xl/saved_model_120x160
copying models/flyingthings_finalpass_xl/saved_model_120x160/saved_model.pb -> /CaveBot-ros/install/cave_depth/share/cave_depth/models/flyingthings_finalpass_xl/saved_model_120x160
creating /CaveBot-ros/install/cave_depth/share/cave_depth/models/flyingthings_finalpass_xl/saved_model_720x1280
copying models/flyingthings_finalpass_xl/saved_model_720x1280/model_float32.tflite -> /CaveBot-ros/install/cave_depth/share/cave_depth/models/flyingthings_finalpass_xl/saved_model_720x1280
copying models/flyingthings_finalpass_xl/saved_model_720x1280/model_float16_quant.tflite -> /CaveBot-ros/install/cave_depth/share/cave_depth/models/flyingthings_finalpass_xl/saved_model_720x1280
copying models/flyingthings_finalpass_xl/saved_model_720x1280/model_weight_quant.tflite -> /CaveBot-ros/install/cave_depth/share/cave_depth/models/flyingthings_finalpass_xl/saved_model_720x1280
copying models/flyingthings_finalpass_xl/saved_model_720x1280/model_float32.onnx -> /CaveBot-ros/install/cave_depth/share/cave_depth/models/flyingthings_finalpass_xl/saved_model_720x1280
copying models/flyingthings_finalpass_xl/saved_model_720x1280/saved_model.pb -> /CaveBot-ros/install/cave_depth/share/cave_depth/models/flyingthings_finalpass_xl/saved_model_720x1280
copying models/flyingthings_finalpass_xl/saved_model_720x1280/model_float32_opt.onnx -> /CaveBot-ros/install/cave_depth/share/cave_depth/models/flyingthings_finalpass_xl/saved_model_720x1280
creating /CaveBot-ros/install/cave_depth/share/cave_depth/models/flyingthings_finalpass_xl/saved_model
copying models/flyingthings_finalpass_xl/saved_model/saved_model.pb -> /CaveBot-ros/install/cave_depth/share/cave_depth/models/flyingthings_finalpass_xl/saved_model
creating /CaveBot-ros/install/cave_depth/share/cave_depth/models/flyingthings_finalpass_xl/saved_model_240x320
copying models/flyingthings_finalpass_xl/saved_model_240x320/model_float32_opt.onnx -> /CaveBot-ros/install/cave_depth/share/cave_depth/models/flyingthings_finalpass_xl/saved_model_240x320
copying models/flyingthings_finalpass_xl/saved_model_240x320/model_float16_quant.tflite -> /CaveBot-ros/install/cave_depth/share/cave_depth/models/flyingthings_finalpass_xl/saved_model_240x320
copying models/flyingthings_finalpass_xl/saved_model_240x320/saved_model.pb -> /CaveBot-ros/install/cave_depth/share/cave_depth/models/flyingthings_finalpass_xl/saved_model_240x320
copying models/flyingthings_finalpass_xl/saved_model_240x320/model_float32.tflite -> /CaveBot-ros/install/cave_depth/share/cave_depth/models/flyingthings_finalpass_xl/saved_model_240x320
copying models/flyingthings_finalpass_xl/saved_model_240x320/model_weight_quant.tflite -> /CaveBot-ros/install/cave_depth/share/cave_depth/models/flyingthings_finalpass_xl/saved_model_240x320
copying models/flyingthings_finalpass_xl/saved_model_240x320/model_float32.onnx -> /CaveBot-ros/install/cave_depth/share/cave_depth/models/flyingthings_finalpass_xl/saved_model_240x320
creating /CaveBot-ros/install/cave_depth/share/cave_depth/models/flyingthings_finalpass_xl/saved_model_480x640
copying models/flyingthings_finalpass_xl/saved_model_480x640/saved_model.pb -> /CaveBot-ros/install/cave_depth/share/cave_depth/models/flyingthings_finalpass_xl/saved_model_480x640
copying models/flyingthings_finalpass_xl/saved_model_480x640/model_float32.tflite -> /CaveBot-ros/install/cave_depth/share/cave_depth/models/flyingthings_finalpass_xl/saved_model_480x640
copying models/flyingthings_finalpass_xl/saved_model_480x640/model_float32.onnx -> /CaveBot-ros/install/cave_depth/share/cave_depth/models/flyingthings_finalpass_xl/saved_model_480x640
copying models/flyingthings_finalpass_xl/saved_model_480x640/model_float32_opt.onnx -> /CaveBot-ros/install/cave_depth/share/cave_depth/models/flyingthings_finalpass_xl/saved_model_480x640
copying models/flyingthings_finalpass_xl/saved_model_480x640/model_weight_quant.tflite -> /CaveBot-ros/install/cave_depth/share/cave_depth/models/flyingthings_finalpass_xl/saved_model_480x640
copying models/flyingthings_finalpass_xl/saved_model_480x640/model_float16_quant.tflite -> /CaveBot-ros/install/cave_depth/share/cave_depth/models/flyingthings_finalpass_xl/saved_model_480x640
creating /CaveBot-ros/install/cave_depth/share/cave_depth/models/flyingthings_finalpass_xl/saved_model_256x256
copying models/flyingthings_finalpass_xl/saved_model_256x256/model_float32.onnx -> /CaveBot-ros/install/cave_depth/share/cave_depth/models/flyingthings_finalpass_xl/saved_model_256x256
copying models/flyingthings_finalpass_xl/saved_model_256x256/model_float32_opt.onnx.zip -> /CaveBot-ros/install/cave_depth/share/cave_depth/models/flyingthings_finalpass_xl/saved_model_256x256
copying models/flyingthings_finalpass_xl/saved_model_256x256/model_weight_quant.tflite -> /CaveBot-ros/install/cave_depth/share/cave_depth/models/flyingthings_finalpass_xl/saved_model_256x256
copying models/flyingthings_finalpass_xl/saved_model_256x256/saved_model.pb -> /CaveBot-ros/install/cave_depth/share/cave_depth/models/flyingthings_finalpass_xl/saved_model_256x256
copying models/flyingthings_finalpass_xl/saved_model_256x256/model_float16_quant.tflite -> /CaveBot-ros/install/cave_depth/share/cave_depth/models/flyingthings_finalpass_xl/saved_model_256x256
copying models/flyingthings_finalpass_xl/saved_model_256x256/model_float32.tflite -> /CaveBot-ros/install/cave_depth/share/cave_depth/models/flyingthings_finalpass_xl/saved_model_256x256
copying models/flyingthings_finalpass_xl/saved_model_256x256/model_float32_opt.onnx -> /CaveBot-ros/install/cave_depth/share/cave_depth/models/flyingthings_finalpass_xl/saved_model_256x256
running install_egg_info
removing '/CaveBot-ros/install/cave_depth/lib/python3.12/site-packages/cave_depth-0.0.1-py3.12.egg-info' (and everything under it)
Copying ../../build/cave_depth/cave_depth.egg-info to /CaveBot-ros/install/cave_depth/lib/python3.12/site-packages/cave_depth-0.0.1-py3.12.egg-info
running install_scripts
Installing hitnet_depth_node script to /CaveBot-ros/install/cave_depth/lib/cave_depth
writing list of installed files to '/CaveBot-ros/build/cave_depth/install.log'
